Running DAY Mark-In reminder for attendance date 2026-06-01. Dry run: no
Users requiring reminder: 17
Sent to adityaj@sycamoresol.com. MessageId: 0100019e81722c12-69f800b5-69e0-4377-89a2-8dc53195bf32-000000
Sent to akshatab@sycamoresol.com. MessageId: 0100019e81722cdb-99b57a78-9cea-46eb-ac76-278fb38930b9-000000
Sent to akshayp@sycamoresol.com. MessageId: 0100019e81722d7f-aff2c2eb-a260-4ffd-8903-1fc3cf441f5a-000000
Sent to anupk@sycamoresol.com. MessageId: 0100019e81722e2f-d5e4a957-bd6c-4867-9e5e-dafa49704c3b-000000
Sent to athiran@sycamoresol.com. MessageId: 0100019e81722eef-6b6cbd84-f1ae-44d6-b93e-f6e5bcb36840-000000
Sent to audumberl@sycamoresol.com. MessageId: 0100019e81722faf-a490735c-0eaa-4adb-8f8d-8030891581f9-000000
Sent to biswojeets@sycamoresol.com. MessageId: 0100019e81723067-e1bccc78-7221-4927-bfc9-68ea8b839d85-000000
Sent to sahilj@sycamoresol.com. MessageId: 0100019e817230fe-420ebc4b-d257-440c-9825-6c6a5d7665f2-000000
Sent to sanyuktat@sycamoresol.com. MessageId: 0100019e81723190-a27ecb53-005c-4b90-bd4f-98b91e23b11e-000000
Sent to shanand@sycamoresol.com. MessageId: 0100019e81723206-519d19e7-bcb5-408a-975e-8498cdbe3ad3-000000
Sent to shobhaj@sycamoresol.com. MessageId: 0100019e81723286-d46ad1bd-301f-482f-bf2d-28645901db9a-000000
Sent to shrinidhim@sycamoresol.com. MessageId: 0100019e81723310-308a1f30-107d-4da2-9cb1-c395843e1808-000000
Sent to shrutin@sycamoresol.com. MessageId: 0100019e81723393-b385b538-4e59-4fdf-be1a-02aa06c49484-000000
Sent to shrutikap@sycamoresol.com. MessageId: 0100019e81723419-e0dfb210-8b09-470f-a828-ab612fa679bb-000000
Sent to shubhamd@sycamoresol.com. MessageId: 0100019e817234b6-e8e81ddc-db69-4383-a193-c5be9249db91-000000
Sent to snehald@sycamoresol.com. MessageId: 0100019e81723535-a5a4f784-e05b-4ad3-9f8a-43abeef38509-000000
Sent to vedangw@sycamoresol.com. MessageId: 0100019e817235b4-365d21c4-b6c4-4700-b669-f7d91a6f56d4-000000
Completed. Sent: 17, skipped: 0, failed: 0.
Running NIGHT Mark-In reminder for attendance date 2026-06-01. Dry run: no
Users requiring reminder: 3
Sent to adityad@sycamoresol.com. MessageId: 0100019e843c4140-05976b71-bf02-41df-9695-e7c79cd770e8-000000
Sent to aniketj@sycamoresol.com. MessageId: 0100019e843c41fd-ff724bd7-a354-4c94-93fc-ba0efe9f0b41-000000
Sent to hrishikeshs@sycamoresol.com. MessageId: 0100019e843c42a0-f3047993-b7b5-4ca2-a4f1-972b5a5fa221-000000
Completed. Sent: 3, skipped: 0, failed: 0.
Running DAY Mark-In reminder for attendance date 2026-06-02. Dry run: no
Users requiring reminder: 1
Sent to snehald@sycamoresol.com. MessageId: 0100019e86988488-e1e68b39-144d-42aa-b536-27aa149de1fe-000000
Completed. Sent: 1, skipped: 0, failed: 0.
